// Jest Snapshot v1, https://goo.gl/fbAQLP

exports[`sends a color payload 1`] = `
[
  {
    "meta": [],
    "payloads": [
      {
        "content": {
          "color": "red",
        },
        "origin": {
          "file": "/tests/Ray.test.ts",
          "function_name": "xxxx",
          "hostname": "fake-host",
          "line_number": 999,
        },
        "type": "color",
      },
    ],
    "uuid": "fakeUuid",
  },
]
`;
