// Jest Snapshot v1, https://goo.gl/fbAQLP

exports[`sends a remove payload 1`] = `
[
  {
    "meta": [],
    "payloads": [
      {
        "content": {},
        "origin": {
          "file": "/src/commands/Remove.ts",
          "function_name": "xxxx",
          "hostname": "fake-host",
          "line_number": 999,
        },
        "type": "remove",
      },
    ],
    "uuid": "fakeUuid",
  },
]
`;
