// Jest Snapshot v1, https://goo.gl/fbAQLP

exports[`sends a show app payload 1`] = `
Array [
  Object {
    "meta": Array [],
    "payloads": Array [
      Object {
        "content": Object {},
        "origin": Object {
          "file": "/src/commands/ShowApp.ts",
          "function_name": "xxxx",
          "hostname": "fake-host",
          "line_number": 999,
        },
        "type": "show_app",
      },
    ],
    "uuid": "fakeUuid",
  },
]
`;
