// Jest Snapshot v1, https://goo.gl/fbAQLP

exports[`sends a text payload 1`] = `
Array [
  Object {
    "meta": Array [],
    "payloads": Array [
      Object {
        "content": Object {
          "content": "&nbsp;test <br>&nbsp;&nbsp;&nbsp;&nbsp;message",
          "label": "Text",
        },
        "origin": Object {
          "file": "/src/commands/Text.ts",
          "function_name": "xxxx",
          "hostname": "fake-host",
          "line_number": 999,
        },
        "type": "custom",
      },
    ],
    "uuid": "fakeUuid",
  },
]
`;
